// Jest Snapshot v1, https://goo.gl/fbAQLP

exports[`<App /> has 26 letter 1`] = `
<div
  className="pendu play"
>
  <h1>
    Jeu du pendu
  </h1>
  <div
    className="content"
  >
    <div
      className="word"
    />
    <Letter
      index={0}
      key="0"
      letter="A"
      onClick={[Function]}
      status="not_clicked"
    />
    <Letter
      index={1}
      key="1"
      letter="B"
      onClick={[Function]}
      status="not_clicked"
    />
    <Letter
      index={2}
      key="2"
      letter="C"
      onClick={[Function]}
      status="not_clicked"
    />
    <Letter
      index={3}
      key="3"
      letter="D"
      onClick={[Function]}
      status="not_clicked"
    />
    <Letter
      index={4}
      key="4"
      letter="E"
      onClick={[Function]}
      status="not_clicked"
    />
    <Letter
      index={5}
      key="5"
      letter="F"
      onClick={[Function]}
      status="not_clicked"
    />
    <Letter
      index={6}
      key="6"
      letter="G"
      onClick={[Function]}
      status="not_clicked"
    />
    <Letter
      index={7}
      key="7"
      letter="H"
      onClick={[Function]}
      status="not_clicked"
    />
    <Letter
      index={8}
      key="8"
      letter="I"
      onClick={[Function]}
      status="not_clicked"
    />
    <Letter
      index={9}
      key="9"
      letter="J"
      onClick={[Function]}
      status="not_clicked"
    />
    <Letter
      index={10}
      key="10"
      letter="K"
      onClick={[Function]}
      status="not_clicked"
    />
    <Letter
      index={11}
      key="11"
      letter="L"
      onClick={[Function]}
      status="not_clicked"
    />
    <Letter
      index={12}
      key="12"
      letter="M"
      onClick={[Function]}
      status="not_clicked"
    />
    <Letter
      index={13}
      key="13"
      letter="N"
      onClick={[Function]}
      status="not_clicked"
    />
    <Letter
      index={14}
      key="14"
      letter="O"
      onClick={[Function]}
      status="not_clicked"
    />
    <Letter
      index={15}
      key="15"
      letter="P"
      onClick={[Function]}
      status="not_clicked"
    />
    <Letter
      index={16}
      key="16"
      letter="Q"
      onClick={[Function]}
      status="not_clicked"
    />
    <Letter
      index={17}
      key="17"
      letter="R"
      onClick={[Function]}
      status="not_clicked"
    />
    <Letter
      index={18}
      key="18"
      letter="S"
      onClick={[Function]}
      status="not_clicked"
    />
    <Letter
      index={19}
      key="19"
      letter="T"
      onClick={[Function]}
      status="not_clicked"
    />
    <Letter
      index={20}
      key="20"
      letter="U"
      onClick={[Function]}
      status="not_clicked"
    />
    <Letter
      index={21}
      key="21"
      letter="V"
      onClick={[Function]}
      status="not_clicked"
    />
    <Letter
      index={22}
      key="22"
      letter="W"
      onClick={[Function]}
      status="not_clicked"
    />
    <Letter
      index={23}
      key="23"
      letter="X"
      onClick={[Function]}
      status="not_clicked"
    />
    <Letter
      index={24}
      key="24"
      letter="Y"
      onClick={[Function]}
      status="not_clicked"
    />
    <Letter
      index={25}
      key="25"
      letter="Z"
      onClick={[Function]}
      status="not_clicked"
    />
  </div>
  <div
    className="display"
  >
    <p>
      Nombre d'essais restants : 
      10
    </p>
    <Pendu
      height="400"
      step={0}
      width="300"
    />
  </div>
</div>
`;

exports[`<App /> should match its reference snapshot 1`] = `
<div
  className="pendu start"
>
  <h1>
    Jeu du pendu
  </h1>
  <div
    className="content"
  >
    <form
      className="wordToFind"
      onSubmit={[Function]}
    >
      <p>
        Insérer le texte à faire deviner :
      </p>
      <input
        onChange={[Function]}
        type="text"
        value=""
      />
      <button
        type="submit"
      >
        Démarrer
      </button>
    </form>
  </div>
</div>
`;
